../Core/Src/main.c:148:5:main	8	static
../Core/Src/main.c:242:6:SystemClock_Config	128	static
../Core/Src/main.c:300:6:PeriphCommonClock_Config	200	static
../Core/Src/main.c:327:13:SystemPower_Config	8	static
../Core/Src/main.c:352:8:process_audio_data	48	static
../Core/Src/main.c:402:6:transmit_uart_data	24	static
../Core/Src/main.c:428:11:calculate_angle_from_lag	32	static
../Core/Src/main.c:449:9:calculate_tdoa_lag	72	static
../Core/Src/main.c:485:6:trigger_processing	16	static
../Core/Src/main.c:499:6:HAL_SAI_RxHalfCpltCallback	16	static
../Core/Src/main.c:509:6:HAL_SAI_RxCpltCallback	16	static
../Core/Src/main.c:531:6:HAL_TIM_PeriodElapsedCallback	16	static
../Core/Src/main.c:548:6:Error_Handler	4	static,ignoring_inline_asm
